exports[`test renders correctly 1`] = `
<div
  className="ListPeriod"
  onClick={[Function]}>
  15:00
</div>
`;
